PHPUnit 11.5.48 by Sebastian Bergmann and contributors.

Runtime:       PHP 8.2.12
Configuration: C:\xampp\htdocs\mikbill\phpunit.xml

EEEE                                                                4 / 4 (100%)

Time: 00:00.866, Memory: 44.00 MB

There were 4 errors:

1) Tests\Feature\RouterSettingTest::test_superadmin_can_access_router_form_without_activation_and_plan
Illuminate\Database\QueryException: SQLSTATE[HY000]: General error: 1 near "MODIFY": syntax error (Connection: sqlite, Database: :memory:, SQL: ALTER TABLE users MODIFY COLUMN role ENUM('superadmin', 'admin', 'operator') NOT NULL DEFAULT 'operator')

C:\xampp\htdocs\mikbill\vendor\laravel\framework\src\Illuminate\Database\Connection.php:838
C:\xampp\htdocs\mikbill\vendor\laravel\framework\src\Illuminate\Database\Connection.php:794
C:\xampp\htdocs\mikbill\vendor\laravel\framework\src\Illuminate\Database\Connection.php:573
C:\xampp\htdocs\mikbill\vendor\laravel\framework\src\Illuminate\Database\DatabaseManager.php:491
C:\xampp\htdocs\mikbill\vendor\laravel\framework\src\Illuminate\Support\Facades\Facade.php:363
C:\xampp\htdocs\mikbill\database\migrations\2025_12_31_144641_add_multitenancy_columns_to_tables.php:13
C:\xampp\htdocs\mikbill\vendor\laravel\framework\src\Illuminate\Database\Migrations\Migrator.php:517
C:\xampp\htdocs\mikbill\vendor\laravel\framework\src\Illuminate\Database\Migrations\Migrator.php:442
C:\xampp\htdocs\mikbill\vendor\laravel\framework\src\Illuminate\Database\Migrations\Migrator.php:451
C:\xampp\htdocs\mikbill\vendor\laravel\framework\src\Illuminate\Database\Migrations\Migrator.php:253
C:\xampp\htdocs\mikbill\vendor\laravel\framework\src\Illuminate\Console\View\Components\Task.php:41
C:\xampp\htdocs\mikbill\vendor\laravel\framework\src\Illuminate\Database\Migrations\Migrator.php:812
C:\xampp\htdocs\mikbill\vendor\laravel\framework\src\Illuminate\Database\Migrations\Migrator.php:253
C:\xampp\htdocs\mikbill\vendor\laravel\framework\src\Illuminate\Database\Migrations\Migrator.php:211
C:\xampp\htdocs\mikbill\vendor\laravel\framework\src\Illuminate\Database\Migrations\Migrator.php:138
C:\xampp\htdocs\mikbill\vendor\laravel\framework\src\Illuminate\Database\Console\Migrations\MigrateCommand.php:116
C:\xampp\htdocs\mikbill\vendor\laravel\framework\src\Illuminate\Database\Migrations\Migrator.php:669
C:\xampp\htdocs\mikbill\vendor\laravel\framework\src\Illuminate\Database\Console\Migrations\MigrateCommand.php:109
C:\xampp\htdocs\mikbill\vendor\laravel\framework\src\Illuminate\Database\Console\Migrations\MigrateCommand.php:88
C:\xampp\htdocs\mikbill\vendor\laravel\framework\src\Illuminate\Container\BoundMethod.php:36
C:\xampp\htdocs\mikbill\vendor\laravel\framework\src\Illuminate\Container\Util.php:43
C:\xampp\htdocs\mikbill\vendor\laravel\framework\src\Illuminate\Container\BoundMethod.php:96
C:\xampp\htdocs\mikbill\vendor\laravel\framework\src\Illuminate\Container\BoundMethod.php:35
C:\xampp\htdocs\mikbill\vendor\laravel\framework\src\Illuminate\Container\Container.php:799
C:\xampp\htdocs\mikbill\vendor\laravel\framework\src\Illuminate\Console\Command.php:211
C:\xampp\htdocs\mikbill\vendor\symfony\console\Command\Command.php:341
C:\xampp\htdocs\mikbill\vendor\laravel\framework\src\Illuminate\Console\Command.php:180
C:\xampp\htdocs\mikbill\vendor\laravel\framework\src\Illuminate\Console\Concerns\CallsCommands.php:68
C:\xampp\htdocs\mikbill\vendor\laravel\framework\src\Illuminate\Console\Concerns\CallsCommands.php:29
C:\xampp\htdocs\mikbill\vendor\laravel\framework\src\Illuminate\Database\Console\Migrations\FreshCommand.php:81
C:\xampp\htdocs\mikbill\vendor\laravel\framework\src\Illuminate\Container\BoundMethod.php:36
C:\xampp\htdocs\mikbill\vendor\laravel\framework\src\Illuminate\Container\Util.php:43
C:\xampp\htdocs\mikbill\vendor\laravel\framework\src\Illuminate\Container\BoundMethod.php:96
C:\xampp\htdocs\mikbill\vendor\laravel\framework\src\Illuminate\Container\BoundMethod.php:35
C:\xampp\htdocs\mikbill\vendor\laravel\framework\src\Illuminate\Container\Container.php:799
C:\xampp\htdocs\mikbill\vendor\laravel\framework\src\Illuminate\Console\Command.php:211
C:\xampp\htdocs\mikbill\vendor\symfony\console\Command\Command.php:341
C:\xampp\htdocs\mikbill\vendor\laravel\framework\src\Illuminate\Console\Command.php:180
C:\xampp\htdocs\mikbill\vendor\symfony\console\Application.php:1079
C:\xampp\htdocs\mikbill\vendor\symfony\console\Application.php:356
C:\xampp\htdocs\mikbill\vendor\symfony\console\Application.php:195
C:\xampp\htdocs\mikbill\vendor\laravel\framework\src\Illuminate\Console\Application.php:165
C:\xampp\htdocs\mikbill\vendor\laravel\framework\src\Illuminate\Foundation\Console\Kernel.php:447
C:\xampp\htdocs\mikbill\vendor\laravel\framework\src\Illuminate\Testing\PendingCommand.php:451
C:\xampp\htdocs\mikbill\vendor\laravel\framework\src\Illuminate\Testing\PendingCommand.php:675
C:\xampp\htdocs\mikbill\vendor\laravel\framework\src\Illuminate\Foundation\Testing\Concerns\InteractsWithConsole.php:87
C:\xampp\htdocs\mikbill\vendor\laravel\framework\src\Illuminate\Foundation\Testing\RefreshDatabase.php:119
C:\xampp\htdocs\mikbill\vendor\laravel\framework\src\Illuminate\Foundation\Testing\RefreshDatabase.php:84
C:\xampp\htdocs\mikbill\vendor\laravel\framework\src\Illuminate\Foundation\Testing\RefreshDatabase.php:25
C:\xampp\htdocs\mikbill\vendor\laravel\framework\src\Illuminate\Foundation\Testing\Concerns\InteractsWithTestCaseLifecycle.php:217
C:\xampp\htdocs\mikbill\vendor\laravel\framework\src\Illuminate\Foundation\Testing\Concerns\InteractsWithTestCaseLifecycle.php:101
C:\xampp\htdocs\mikbill\vendor\laravel\framework\src\Illuminate\Foundation\Testing\TestCase.php:63

Caused by
PDOException: SQLSTATE[HY000]: General error: 1 near "MODIFY": syntax error

C:\xampp\htdocs\mikbill\vendor\laravel\framework\src\Illuminate\Database\Connection.php:578
C:\xampp\htdocs\mikbill\vendor\laravel\framework\src\Illuminate\Database\Connection.php:827
C:\xampp\htdocs\mikbill\vendor\laravel\framework\src\Illuminate\Database\Connection.php:794
C:\xampp\htdocs\mikbill\vendor\laravel\framework\src\Illuminate\Database\Connection.php:573
C:\xampp\htdocs\mikbill\vendor\laravel\framework\src\Illuminate\Database\DatabaseManager.php:491
C:\xampp\htdocs\mikbill\vendor\laravel\framework\src\Illuminate\Support\Facades\Facade.php:363
C:\xampp\htdocs\mikbill\database\migrations\2025_12_31_144641_add_multitenancy_columns_to_tables.php:13
C:\xampp\htdocs\mikbill\vendor\laravel\framework\src\Illuminate\Database\Migrations\Migrator.php:517
C:\xampp\htdocs\mikbill\vendor\laravel\framework\src\Illuminate\Database\Migrations\Migrator.php:442
C:\xampp\htdocs\mikbill\vendor\laravel\framework\src\Illuminate\Database\Migrations\Migrator.php:451
C:\xampp\htdocs\mikbill\vendor\laravel\framework\src\Illuminate\Database\Migrations\Migrator.php:253
C:\xampp\htdocs\mikbill\vendor\laravel\framework\src\Illuminate\Console\View\Components\Task.php:41
C:\xampp\htdocs\mikbill\vendor\laravel\framework\src\Illuminate\Database\Migrations\Migrator.php:812
C:\xampp\htdocs\mikbill\vendor\laravel\framework\src\Illuminate\Database\Migrations\Migrator.php:253
C:\xampp\htdocs\mikbill\vendor\laravel\framework\src\Illuminate\Database\Migrations\Migrator.php:211
C:\xampp\htdocs\mikbill\vendor\laravel\framework\src\Illuminate\Database\Migrations\Migrator.php:138
C:\xampp\htdocs\mikbill\vendor\laravel\framework\src\Illuminate\Database\Console\Migrations\MigrateCommand.php:116
C:\xampp\htdocs\mikbill\vendor\laravel\framework\src\Illuminate\Database\Migrations\Migrator.php:669
C:\xampp\htdocs\mikbill\vendor\laravel\framework\src\Illuminate\Database\Console\Migrations\MigrateCommand.php:109
C:\xampp\htdocs\mikbill\vendor\laravel\framework\src\Illuminate\Database\Console\Migrations\MigrateCommand.php:88
C:\xampp\htdocs\mikbill\vendor\laravel\framework\src\Illuminate\Container\BoundMethod.php:36
C:\xampp\htdocs\mikbill\vendor\laravel\framework\src\Illuminate\Container\Util.php:43
C:\xampp\htdocs\mikbill\vendor\laravel\framework\src\Illuminate\Container\BoundMethod.php:96
C:\xampp\htdocs\mikbill\vendor\laravel\framework\src\Illuminate\Container\BoundMethod.php:35
C:\xampp\htdocs\mikbill\vendor\laravel\framework\src\Illuminate\Container\Container.php:799
C:\xampp\htdocs\mikbill\vendor\laravel\framework\src\Illuminate\Console\Command.php:211
C:\xampp\htdocs\mikbill\vendor\symfony\console\Command\Command.php:341
C:\xampp\htdocs\mikbill\vendor\laravel\framework\src\Illuminate\Console\Command.php:180
C:\xampp\htdocs\mikbill\vendor\laravel\framework\src\Illuminate\Console\Concerns\CallsCommands.php:68
C:\xampp\htdocs\mikbill\vendor\laravel\framework\src\Illuminate\Console\Concerns\CallsCommands.php:29
C:\xampp\htdocs\mikbill\vendor\laravel\framework\src\Illuminate\Database\Console\Migrations\FreshCommand.php:81
C:\xampp\htdocs\mikbill\vendor\laravel\framework\src\Illuminate\Container\BoundMethod.php:36
C:\xampp\htdocs\mikbill\vendor\laravel\framework\src\Illuminate\Container\Util.php:43
C:\xampp\htdocs\mikbill\vendor\laravel\framework\src\Illuminate\Container\BoundMethod.php:96
C:\xampp\htdocs\mikbill\vendor\laravel\framework\src\Illuminate\Container\BoundMethod.php:35
C:\xampp\htdocs\mikbill\vendor\laravel\framework\src\Illuminate\Container\Container.php:799
C:\xampp\htdocs\mikbill\vendor\laravel\framework\src\Illuminate\Console\Command.php:211
C:\xampp\htdocs\mikbill\vendor\symfony\console\Command\Command.php:341
C:\xampp\htdocs\mikbill\vendor\laravel\framework\src\Illuminate\Console\Command.php:180
C:\xampp\htdocs\mikbill\vendor\symfony\console\Application.php:1079
C:\xampp\htdocs\mikbill\vendor\symfony\console\Application.php:356
C:\xampp\htdocs\mikbill\vendor\symfony\console\Application.php:195
C:\xampp\htdocs\mikbill\vendor\laravel\framework\src\Illuminate\Console\Application.php:165
C:\xampp\htdocs\mikbill\vendor\laravel\framework\src\Illuminate\Foundation\Console\Kernel.php:447
C:\xampp\htdocs\mikbill\vendor\laravel\framework\src\Illuminate\Testing\PendingCommand.php:451
C:\xampp\htdocs\mikbill\vendor\laravel\framework\src\Illuminate\Testing\PendingCommand.php:675
C:\xampp\htdocs\mikbill\vendor\laravel\framework\src\Illuminate\Foundation\Testing\Concerns\InteractsWithConsole.php:87
C:\xampp\htdocs\mikbill\vendor\laravel\framework\src\Illuminate\Foundation\Testing\RefreshDatabase.php:119
C:\xampp\htdocs\mikbill\vendor\laravel\framework\src\Illuminate\Foundation\Testing\RefreshDatabase.php:84
C:\xampp\htdocs\mikbill\vendor\laravel\framework\src\Illuminate\Foundation\Testing\RefreshDatabase.php:25
C:\xampp\htdocs\mikbill\vendor\laravel\framework\src\Illuminate\Foundation\Testing\Concerns\InteractsWithTestCaseLifecycle.php:217
C:\xampp\htdocs\mikbill\vendor\laravel\framework\src\Illuminate\Foundation\Testing\Concerns\InteractsWithTestCaseLifecycle.php:101
C:\xampp\htdocs\mikbill\vendor\laravel\framework\src\Illuminate\Foundation\Testing\TestCase.php:63

2) Tests\Feature\RouterSettingTest::test_admin_cannot_access_router_form_without_activation
Illuminate\Database\QueryException: SQLSTATE[HY000]: General error: 1 near "MODIFY": syntax error (Connection: sqlite, Database: :memory:, SQL: ALTER TABLE users MODIFY COLUMN role ENUM('superadmin', 'admin', 'operator') NOT NULL DEFAULT 'operator')

C:\xampp\htdocs\mikbill\vendor\laravel\framework\src\Illuminate\Database\Connection.php:838
C:\xampp\htdocs\mikbill\vendor\laravel\framework\src\Illuminate\Database\Connection.php:794
C:\xampp\htdocs\mikbill\vendor\laravel\framework\src\Illuminate\Database\Connection.php:573
C:\xampp\htdocs\mikbill\vendor\laravel\framework\src\Illuminate\Database\DatabaseManager.php:491
C:\xampp\htdocs\mikbill\vendor\laravel\framework\src\Illuminate\Support\Facades\Facade.php:363
C:\xampp\htdocs\mikbill\database\migrations\2025_12_31_144641_add_multitenancy_columns_to_tables.php:13
C:\xampp\htdocs\mikbill\vendor\laravel\framework\src\Illuminate\Database\Migrations\Migrator.php:517
C:\xampp\htdocs\mikbill\vendor\laravel\framework\src\Illuminate\Database\Migrations\Migrator.php:442
C:\xampp\htdocs\mikbill\vendor\laravel\framework\src\Illuminate\Database\Migrations\Migrator.php:451
C:\xampp\htdocs\mikbill\vendor\laravel\framework\src\Illuminate\Database\Migrations\Migrator.php:253
C:\xampp\htdocs\mikbill\vendor\laravel\framework\src\Illuminate\Console\View\Components\Task.php:41
C:\xampp\htdocs\mikbill\vendor\laravel\framework\src\Illuminate\Database\Migrations\Migrator.php:812
C:\xampp\htdocs\mikbill\vendor\laravel\framework\src\Illuminate\Database\Migrations\Migrator.php:253
C:\xampp\htdocs\mikbill\vendor\laravel\framework\src\Illuminate\Database\Migrations\Migrator.php:211
C:\xampp\htdocs\mikbill\vendor\laravel\framework\src\Illuminate\Database\Migrations\Migrator.php:138
C:\xampp\htdocs\mikbill\vendor\laravel\framework\src\Illuminate\Database\Console\Migrations\MigrateCommand.php:116
C:\xampp\htdocs\mikbill\vendor\laravel\framework\src\Illuminate\Database\Migrations\Migrator.php:669
C:\xampp\htdocs\mikbill\vendor\laravel\framework\src\Illuminate\Database\Console\Migrations\MigrateCommand.php:109
C:\xampp\htdocs\mikbill\vendor\laravel\framework\src\Illuminate\Database\Console\Migrations\MigrateCommand.php:88
C:\xampp\htdocs\mikbill\vendor\laravel\framework\src\Illuminate\Container\BoundMethod.php:36
C:\xampp\htdocs\mikbill\vendor\laravel\framework\src\Illuminate\Container\Util.php:43
C:\xampp\htdocs\mikbill\vendor\laravel\framework\src\Illuminate\Container\BoundMethod.php:96
C:\xampp\htdocs\mikbill\vendor\laravel\framework\src\Illuminate\Container\BoundMethod.php:35
C:\xampp\htdocs\mikbill\vendor\laravel\framework\src\Illuminate\Container\Container.php:799
C:\xampp\htdocs\mikbill\vendor\laravel\framework\src\Illuminate\Console\Command.php:211
C:\xampp\htdocs\mikbill\vendor\symfony\console\Command\Command.php:341
C:\xampp\htdocs\mikbill\vendor\laravel\framework\src\Illuminate\Console\Command.php:180
C:\xampp\htdocs\mikbill\vendor\laravel\framework\src\Illuminate\Console\Concerns\CallsCommands.php:68
C:\xampp\htdocs\mikbill\vendor\laravel\framework\src\Illuminate\Console\Concerns\CallsCommands.php:29
C:\xampp\htdocs\mikbill\vendor\laravel\framework\src\Illuminate\Database\Console\Migrations\FreshCommand.php:81
C:\xampp\htdocs\mikbill\vendor\laravel\framework\src\Illuminate\Container\BoundMethod.php:36
C:\xampp\htdocs\mikbill\vendor\laravel\framework\src\Illuminate\Container\Util.php:43
C:\xampp\htdocs\mikbill\vendor\laravel\framework\src\Illuminate\Container\BoundMethod.php:96
C:\xampp\htdocs\mikbill\vendor\laravel\framework\src\Illuminate\Container\BoundMethod.php:35
C:\xampp\htdocs\mikbill\vendor\laravel\framework\src\Illuminate\Container\Container.php:799
C:\xampp\htdocs\mikbill\vendor\laravel\framework\src\Illuminate\Console\Command.php:211
C:\xampp\htdocs\mikbill\vendor\symfony\console\Command\Command.php:341
C:\xampp\htdocs\mikbill\vendor\laravel\framework\src\Illuminate\Console\Command.php:180
C:\xampp\htdocs\mikbill\vendor\symfony\console\Application.php:1079
C:\xampp\htdocs\mikbill\vendor\symfony\console\Application.php:356
C:\xampp\htdocs\mikbill\vendor\symfony\console\Application.php:195
C:\xampp\htdocs\mikbill\vendor\laravel\framework\src\Illuminate\Console\Application.php:165
C:\xampp\htdocs\mikbill\vendor\laravel\framework\src\Illuminate\Foundation\Console\Kernel.php:447
C:\xampp\htdocs\mikbill\vendor\laravel\framework\src\Illuminate\Testing\PendingCommand.php:451
C:\xampp\htdocs\mikbill\vendor\laravel\framework\src\Illuminate\Testing\PendingCommand.php:675
C:\xampp\htdocs\mikbill\vendor\laravel\framework\src\Illuminate\Foundation\Testing\Concerns\InteractsWithConsole.php:87
C:\xampp\htdocs\mikbill\vendor\laravel\framework\src\Illuminate\Foundation\Testing\RefreshDatabase.php:119
C:\xampp\htdocs\mikbill\vendor\laravel\framework\src\Illuminate\Foundation\Testing\RefreshDatabase.php:84
C:\xampp\htdocs\mikbill\vendor\laravel\framework\src\Illuminate\Foundation\Testing\RefreshDatabase.php:25
C:\xampp\htdocs\mikbill\vendor\laravel\framework\src\Illuminate\Foundation\Testing\Concerns\InteractsWithTestCaseLifecycle.php:217
C:\xampp\htdocs\mikbill\vendor\laravel\framework\src\Illuminate\Foundation\Testing\Concerns\InteractsWithTestCaseLifecycle.php:101
C:\xampp\htdocs\mikbill\vendor\laravel\framework\src\Illuminate\Foundation\Testing\TestCase.php:63

Caused by
PDOException: SQLSTATE[HY000]: General error: 1 near "MODIFY": syntax error

C:\xampp\htdocs\mikbill\vendor\laravel\framework\src\Illuminate\Database\Connection.php:578
C:\xampp\htdocs\mikbill\vendor\laravel\framework\src\Illuminate\Database\Connection.php:827
C:\xampp\htdocs\mikbill\vendor\laravel\framework\src\Illuminate\Database\Connection.php:794
C:\xampp\htdocs\mikbill\vendor\laravel\framework\src\Illuminate\Database\Connection.php:573
C:\xampp\htdocs\mikbill\vendor\laravel\framework\src\Illuminate\Database\DatabaseManager.php:491
C:\xampp\htdocs\mikbill\vendor\laravel\framework\src\Illuminate\Support\Facades\Facade.php:363
C:\xampp\htdocs\mikbill\database\migrations\2025_12_31_144641_add_multitenancy_columns_to_tables.php:13
C:\xampp\htdocs\mikbill\vendor\laravel\framework\src\Illuminate\Database\Migrations\Migrator.php:517
C:\xampp\htdocs\mikbill\vendor\laravel\framework\src\Illuminate\Database\Migrations\Migrator.php:442
C:\xampp\htdocs\mikbill\vendor\laravel\framework\src\Illuminate\Database\Migrations\Migrator.php:451
C:\xampp\htdocs\mikbill\vendor\laravel\framework\src\Illuminate\Database\Migrations\Migrator.php:253
C:\xampp\htdocs\mikbill\vendor\laravel\framework\src\Illuminate\Console\View\Components\Task.php:41
C:\xampp\htdocs\mikbill\vendor\laravel\framework\src\Illuminate\Database\Migrations\Migrator.php:812
C:\xampp\htdocs\mikbill\vendor\laravel\framework\src\Illuminate\Database\Migrations\Migrator.php:253
C:\xampp\htdocs\mikbill\vendor\laravel\framework\src\Illuminate\Database\Migrations\Migrator.php:211
C:\xampp\htdocs\mikbill\vendor\laravel\framework\src\Illuminate\Database\Migrations\Migrator.php:138
C:\xampp\htdocs\mikbill\vendor\laravel\framework\src\Illuminate\Database\Console\Migrations\MigrateCommand.php:116
C:\xampp\htdocs\mikbill\vendor\laravel\framework\src\Illuminate\Database\Migrations\Migrator.php:669
C:\xampp\htdocs\mikbill\vendor\laravel\framework\src\Illuminate\Database\Console\Migrations\MigrateCommand.php:109
C:\xampp\htdocs\mikbill\vendor\laravel\framework\src\Illuminate\Database\Console\Migrations\MigrateCommand.php:88
C:\xampp\htdocs\mikbill\vendor\laravel\framework\src\Illuminate\Container\BoundMethod.php:36
C:\xampp\htdocs\mikbill\vendor\laravel\framework\src\Illuminate\Container\Util.php:43
C:\xampp\htdocs\mikbill\vendor\laravel\framework\src\Illuminate\Container\BoundMethod.php:96
C:\xampp\htdocs\mikbill\vendor\laravel\framework\src\Illuminate\Container\BoundMethod.php:35
C:\xampp\htdocs\mikbill\vendor\laravel\framework\src\Illuminate\Container\Container.php:799
C:\xampp\htdocs\mikbill\vendor\laravel\framework\src\Illuminate\Console\Command.php:211
C:\xampp\htdocs\mikbill\vendor\symfony\console\Command\Command.php:341
C:\xampp\htdocs\mikbill\vendor\laravel\framework\src\Illuminate\Console\Command.php:180
C:\xampp\htdocs\mikbill\vendor\laravel\framework\src\Illuminate\Console\Concerns\CallsCommands.php:68
C:\xampp\htdocs\mikbill\vendor\laravel\framework\src\Illuminate\Console\Concerns\CallsCommands.php:29
C:\xampp\htdocs\mikbill\vendor\laravel\framework\src\Illuminate\Database\Console\Migrations\FreshCommand.php:81
C:\xampp\htdocs\mikbill\vendor\laravel\framework\src\Illuminate\Container\BoundMethod.php:36
C:\xampp\htdocs\mikbill\vendor\laravel\framework\src\Illuminate\Container\Util.php:43
C:\xampp\htdocs\mikbill\vendor\laravel\framework\src\Illuminate\Container\BoundMethod.php:96
C:\xampp\htdocs\mikbill\vendor\laravel\framework\src\Illuminate\Container\BoundMethod.php:35
C:\xampp\htdocs\mikbill\vendor\laravel\framework\src\Illuminate\Container\Container.php:799
C:\xampp\htdocs\mikbill\vendor\laravel\framework\src\Illuminate\Console\Command.php:211
C:\xampp\htdocs\mikbill\vendor\symfony\console\Command\Command.php:341
C:\xampp\htdocs\mikbill\vendor\laravel\framework\src\Illuminate\Console\Command.php:180
C:\xampp\htdocs\mikbill\vendor\symfony\console\Application.php:1079
C:\xampp\htdocs\mikbill\vendor\symfony\console\Application.php:356
C:\xampp\htdocs\mikbill\vendor\symfony\console\Application.php:195
C:\xampp\htdocs\mikbill\vendor\laravel\framework\src\Illuminate\Console\Application.php:165
C:\xampp\htdocs\mikbill\vendor\laravel\framework\src\Illuminate\Foundation\Console\Kernel.php:447
C:\xampp\htdocs\mikbill\vendor\laravel\framework\src\Illuminate\Testing\PendingCommand.php:451
C:\xampp\htdocs\mikbill\vendor\laravel\framework\src\Illuminate\Testing\PendingCommand.php:675
C:\xampp\htdocs\mikbill\vendor\laravel\framework\src\Illuminate\Foundation\Testing\Concerns\InteractsWithConsole.php:87
C:\xampp\htdocs\mikbill\vendor\laravel\framework\src\Illuminate\Foundation\Testing\RefreshDatabase.php:119
C:\xampp\htdocs\mikbill\vendor\laravel\framework\src\Illuminate\Foundation\Testing\RefreshDatabase.php:84
C:\xampp\htdocs\mikbill\vendor\laravel\framework\src\Illuminate\Foundation\Testing\RefreshDatabase.php:25
C:\xampp\htdocs\mikbill\vendor\laravel\framework\src\Illuminate\Foundation\Testing\Concerns\InteractsWithTestCaseLifecycle.php:217
C:\xampp\htdocs\mikbill\vendor\laravel\framework\src\Illuminate\Foundation\Testing\Concerns\InteractsWithTestCaseLifecycle.php:101
C:\xampp\htdocs\mikbill\vendor\laravel\framework\src\Illuminate\Foundation\Testing\TestCase.php:63

3) Tests\Feature\RouterSettingTest::test_superadmin_can_store_router_without_plan
Illuminate\Database\QueryException: SQLSTATE[HY000]: General error: 1 near "MODIFY": syntax error (Connection: sqlite, Database: :memory:, SQL: ALTER TABLE users MODIFY COLUMN role ENUM('superadmin', 'admin', 'operator') NOT NULL DEFAULT 'operator')

C:\xampp\htdocs\mikbill\vendor\laravel\framework\src\Illuminate\Database\Connection.php:838
C:\xampp\htdocs\mikbill\vendor\laravel\framework\src\Illuminate\Database\Connection.php:794
C:\xampp\htdocs\mikbill\vendor\laravel\framework\src\Illuminate\Database\Connection.php:573
C:\xampp\htdocs\mikbill\vendor\laravel\framework\src\Illuminate\Database\DatabaseManager.php:491
C:\xampp\htdocs\mikbill\vendor\laravel\framework\src\Illuminate\Support\Facades\Facade.php:363
C:\xampp\htdocs\mikbill\database\migrations\2025_12_31_144641_add_multitenancy_columns_to_tables.php:13
C:\xampp\htdocs\mikbill\vendor\laravel\framework\src\Illuminate\Database\Migrations\Migrator.php:517
C:\xampp\htdocs\mikbill\vendor\laravel\framework\src\Illuminate\Database\Migrations\Migrator.php:442
C:\xampp\htdocs\mikbill\vendor\laravel\framework\src\Illuminate\Database\Migrations\Migrator.php:451
C:\xampp\htdocs\mikbill\vendor\laravel\framework\src\Illuminate\Database\Migrations\Migrator.php:253
C:\xampp\htdocs\mikbill\vendor\laravel\framework\src\Illuminate\Console\View\Components\Task.php:41
C:\xampp\htdocs\mikbill\vendor\laravel\framework\src\Illuminate\Database\Migrations\Migrator.php:812
C:\xampp\htdocs\mikbill\vendor\laravel\framework\src\Illuminate\Database\Migrations\Migrator.php:253
C:\xampp\htdocs\mikbill\vendor\laravel\framework\src\Illuminate\Database\Migrations\Migrator.php:211
C:\xampp\htdocs\mikbill\vendor\laravel\framework\src\Illuminate\Database\Migrations\Migrator.php:138
C:\xampp\htdocs\mikbill\vendor\laravel\framework\src\Illuminate\Database\Console\Migrations\MigrateCommand.php:116
C:\xampp\htdocs\mikbill\vendor\laravel\framework\src\Illuminate\Database\Migrations\Migrator.php:669
C:\xampp\htdocs\mikbill\vendor\laravel\framework\src\Illuminate\Database\Console\Migrations\MigrateCommand.php:109
C:\xampp\htdocs\mikbill\vendor\laravel\framework\src\Illuminate\Database\Console\Migrations\MigrateCommand.php:88
C:\xampp\htdocs\mikbill\vendor\laravel\framework\src\Illuminate\Container\BoundMethod.php:36
C:\xampp\htdocs\mikbill\vendor\laravel\framework\src\Illuminate\Container\Util.php:43
C:\xampp\htdocs\mikbill\vendor\laravel\framework\src\Illuminate\Container\BoundMethod.php:96
C:\xampp\htdocs\mikbill\vendor\laravel\framework\src\Illuminate\Container\BoundMethod.php:35
C:\xampp\htdocs\mikbill\vendor\laravel\framework\src\Illuminate\Container\Container.php:799
C:\xampp\htdocs\mikbill\vendor\laravel\framework\src\Illuminate\Console\Command.php:211
C:\xampp\htdocs\mikbill\vendor\symfony\console\Command\Command.php:341
C:\xampp\htdocs\mikbill\vendor\laravel\framework\src\Illuminate\Console\Command.php:180
C:\xampp\htdocs\mikbill\vendor\laravel\framework\src\Illuminate\Console\Concerns\CallsCommands.php:68
C:\xampp\htdocs\mikbill\vendor\laravel\framework\src\Illuminate\Console\Concerns\CallsCommands.php:29
C:\xampp\htdocs\mikbill\vendor\laravel\framework\src\Illuminate\Database\Console\Migrations\FreshCommand.php:81
C:\xampp\htdocs\mikbill\vendor\laravel\framework\src\Illuminate\Container\BoundMethod.php:36
C:\xampp\htdocs\mikbill\vendor\laravel\framework\src\Illuminate\Container\Util.php:43
C:\xampp\htdocs\mikbill\vendor\laravel\framework\src\Illuminate\Container\BoundMethod.php:96
C:\xampp\htdocs\mikbill\vendor\laravel\framework\src\Illuminate\Container\BoundMethod.php:35
C:\xampp\htdocs\mikbill\vendor\laravel\framework\src\Illuminate\Container\Container.php:799
C:\xampp\htdocs\mikbill\vendor\laravel\framework\src\Illuminate\Console\Command.php:211
C:\xampp\htdocs\mikbill\vendor\symfony\console\Command\Command.php:341
C:\xampp\htdocs\mikbill\vendor\laravel\framework\src\Illuminate\Console\Command.php:180
C:\xampp\htdocs\mikbill\vendor\symfony\console\Application.php:1079
C:\xampp\htdocs\mikbill\vendor\symfony\console\Application.php:356
C:\xampp\htdocs\mikbill\vendor\symfony\console\Application.php:195
C:\xampp\htdocs\mikbill\vendor\laravel\framework\src\Illuminate\Console\Application.php:165
C:\xampp\htdocs\mikbill\vendor\laravel\framework\src\Illuminate\Foundation\Console\Kernel.php:447
C:\xampp\htdocs\mikbill\vendor\laravel\framework\src\Illuminate\Testing\PendingCommand.php:451
C:\xampp\htdocs\mikbill\vendor\laravel\framework\src\Illuminate\Testing\PendingCommand.php:675
C:\xampp\htdocs\mikbill\vendor\laravel\framework\src\Illuminate\Foundation\Testing\Concerns\InteractsWithConsole.php:87
C:\xampp\htdocs\mikbill\vendor\laravel\framework\src\Illuminate\Foundation\Testing\RefreshDatabase.php:119
C:\xampp\htdocs\mikbill\vendor\laravel\framework\src\Illuminate\Foundation\Testing\RefreshDatabase.php:84
C:\xampp\htdocs\mikbill\vendor\laravel\framework\src\Illuminate\Foundation\Testing\RefreshDatabase.php:25
C:\xampp\htdocs\mikbill\vendor\laravel\framework\src\Illuminate\Foundation\Testing\Concerns\InteractsWithTestCaseLifecycle.php:217
C:\xampp\htdocs\mikbill\vendor\laravel\framework\src\Illuminate\Foundation\Testing\Concerns\InteractsWithTestCaseLifecycle.php:101
C:\xampp\htdocs\mikbill\vendor\laravel\framework\src\Illuminate\Foundation\Testing\TestCase.php:63

Caused by
PDOException: SQLSTATE[HY000]: General error: 1 near "MODIFY": syntax error

C:\xampp\htdocs\mikbill\vendor\laravel\framework\src\Illuminate\Database\Connection.php:578
C:\xampp\htdocs\mikbill\vendor\laravel\framework\src\Illuminate\Database\Connection.php:827
C:\xampp\htdocs\mikbill\vendor\laravel\framework\src\Illuminate\Database\Connection.php:794
C:\xampp\htdocs\mikbill\vendor\laravel\framework\src\Illuminate\Database\Connection.php:573
C:\xampp\htdocs\mikbill\vendor\laravel\framework\src\Illuminate\Database\DatabaseManager.php:491
C:\xampp\htdocs\mikbill\vendor\laravel\framework\src\Illuminate\Support\Facades\Facade.php:363
C:\xampp\htdocs\mikbill\database\migrations\2025_12_31_144641_add_multitenancy_columns_to_tables.php:13
C:\xampp\htdocs\mikbill\vendor\laravel\framework\src\Illuminate\Database\Migrations\Migrator.php:517
C:\xampp\htdocs\mikbill\vendor\laravel\framework\src\Illuminate\Database\Migrations\Migrator.php:442
C:\xampp\htdocs\mikbill\vendor\laravel\framework\src\Illuminate\Database\Migrations\Migrator.php:451
C:\xampp\htdocs\mikbill\vendor\laravel\framework\src\Illuminate\Database\Migrations\Migrator.php:253
C:\xampp\htdocs\mikbill\vendor\laravel\framework\src\Illuminate\Console\View\Components\Task.php:41
C:\xampp\htdocs\mikbill\vendor\laravel\framework\src\Illuminate\Database\Migrations\Migrator.php:812
C:\xampp\htdocs\mikbill\vendor\laravel\framework\src\Illuminate\Database\Migrations\Migrator.php:253
C:\xampp\htdocs\mikbill\vendor\laravel\framework\src\Illuminate\Database\Migrations\Migrator.php:211
C:\xampp\htdocs\mikbill\vendor\laravel\framework\src\Illuminate\Database\Migrations\Migrator.php:138
C:\xampp\htdocs\mikbill\vendor\laravel\framework\src\Illuminate\Database\Console\Migrations\MigrateCommand.php:116
C:\xampp\htdocs\mikbill\vendor\laravel\framework\src\Illuminate\Database\Migrations\Migrator.php:669
C:\xampp\htdocs\mikbill\vendor\laravel\framework\src\Illuminate\Database\Console\Migrations\MigrateCommand.php:109
C:\xampp\htdocs\mikbill\vendor\laravel\framework\src\Illuminate\Database\Console\Migrations\MigrateCommand.php:88
C:\xampp\htdocs\mikbill\vendor\laravel\framework\src\Illuminate\Container\BoundMethod.php:36
C:\xampp\htdocs\mikbill\vendor\laravel\framework\src\Illuminate\Container\Util.php:43
C:\xampp\htdocs\mikbill\vendor\laravel\framework\src\Illuminate\Container\BoundMethod.php:96
C:\xampp\htdocs\mikbill\vendor\laravel\framework\src\Illuminate\Container\BoundMethod.php:35
C:\xampp\htdocs\mikbill\vendor\laravel\framework\src\Illuminate\Container\Container.php:799
C:\xampp\htdocs\mikbill\vendor\laravel\framework\src\Illuminate\Console\Command.php:211
C:\xampp\htdocs\mikbill\vendor\symfony\console\Command\Command.php:341
C:\xampp\htdocs\mikbill\vendor\laravel\framework\src\Illuminate\Console\Command.php:180
C:\xampp\htdocs\mikbill\vendor\laravel\framework\src\Illuminate\Console\Concerns\CallsCommands.php:68
C:\xampp\htdocs\mikbill\vendor\laravel\framework\src\Illuminate\Console\Concerns\CallsCommands.php:29
C:\xampp\htdocs\mikbill\vendor\laravel\framework\src\Illuminate\Database\Console\Migrations\FreshCommand.php:81
C:\xampp\htdocs\mikbill\vendor\laravel\framework\src\Illuminate\Container\BoundMethod.php:36
C:\xampp\htdocs\mikbill\vendor\laravel\framework\src\Illuminate\Container\Util.php:43
C:\xampp\htdocs\mikbill\vendor\laravel\framework\src\Illuminate\Container\BoundMethod.php:96
C:\xampp\htdocs\mikbill\vendor\laravel\framework\src\Illuminate\Container\BoundMethod.php:35
C:\xampp\htdocs\mikbill\vendor\laravel\framework\src\Illuminate\Container\Container.php:799
C:\xampp\htdocs\mikbill\vendor\laravel\framework\src\Illuminate\Console\Command.php:211
C:\xampp\htdocs\mikbill\vendor\symfony\console\Command\Command.php:341
C:\xampp\htdocs\mikbill\vendor\laravel\framework\src\Illuminate\Console\Command.php:180
C:\xampp\htdocs\mikbill\vendor\symfony\console\Application.php:1079
C:\xampp\htdocs\mikbill\vendor\symfony\console\Application.php:356
C:\xampp\htdocs\mikbill\vendor\symfony\console\Application.php:195
C:\xampp\htdocs\mikbill\vendor\laravel\framework\src\Illuminate\Console\Application.php:165
C:\xampp\htdocs\mikbill\vendor\laravel\framework\src\Illuminate\Foundation\Console\Kernel.php:447
C:\xampp\htdocs\mikbill\vendor\laravel\framework\src\Illuminate\Testing\PendingCommand.php:451
C:\xampp\htdocs\mikbill\vendor\laravel\framework\src\Illuminate\Testing\PendingCommand.php:675
C:\xampp\htdocs\mikbill\vendor\laravel\framework\src\Illuminate\Foundation\Testing\Concerns\InteractsWithConsole.php:87
C:\xampp\htdocs\mikbill\vendor\laravel\framework\src\Illuminate\Foundation\Testing\RefreshDatabase.php:119
C:\xampp\htdocs\mikbill\vendor\laravel\framework\src\Illuminate\Foundation\Testing\RefreshDatabase.php:84
C:\xampp\htdocs\mikbill\vendor\laravel\framework\src\Illuminate\Foundation\Testing\RefreshDatabase.php:25
C:\xampp\htdocs\mikbill\vendor\laravel\framework\src\Illuminate\Foundation\Testing\Concerns\InteractsWithTestCaseLifecycle.php:217
C:\xampp\htdocs\mikbill\vendor\laravel\framework\src\Illuminate\Foundation\Testing\Concerns\InteractsWithTestCaseLifecycle.php:101
C:\xampp\htdocs\mikbill\vendor\laravel\framework\src\Illuminate\Foundation\Testing\TestCase.php:63

4) Tests\Feature\RouterSettingTest::test_admin_cannot_store_router_without_plan
Illuminate\Database\QueryException: SQLSTATE[HY000]: General error: 1 near "MODIFY": syntax error (Connection: sqlite, Database: :memory:, SQL: ALTER TABLE users MODIFY COLUMN role ENUM('superadmin', 'admin', 'operator') NOT NULL DEFAULT 'operator')

C:\xampp\htdocs\mikbill\vendor\laravel\framework\src\Illuminate\Database\Connection.php:838
C:\xampp\htdocs\mikbill\vendor\laravel\framework\src\Illuminate\Database\Connection.php:794
C:\xampp\htdocs\mikbill\vendor\laravel\framework\src\Illuminate\Database\Connection.php:573
C:\xampp\htdocs\mikbill\vendor\laravel\framework\src\Illuminate\Database\DatabaseManager.php:491
C:\xampp\htdocs\mikbill\vendor\laravel\framework\src\Illuminate\Support\Facades\Facade.php:363
C:\xampp\htdocs\mikbill\database\migrations\2025_12_31_144641_add_multitenancy_columns_to_tables.php:13
C:\xampp\htdocs\mikbill\vendor\laravel\framework\src\Illuminate\Database\Migrations\Migrator.php:517
C:\xampp\htdocs\mikbill\vendor\laravel\framework\src\Illuminate\Database\Migrations\Migrator.php:442
C:\xampp\htdocs\mikbill\vendor\laravel\framework\src\Illuminate\Database\Migrations\Migrator.php:451
C:\xampp\htdocs\mikbill\vendor\laravel\framework\src\Illuminate\Database\Migrations\Migrator.php:253
C:\xampp\htdocs\mikbill\vendor\laravel\framework\src\Illuminate\Console\View\Components\Task.php:41
C:\xampp\htdocs\mikbill\vendor\laravel\framework\src\Illuminate\Database\Migrations\Migrator.php:812
C:\xampp\htdocs\mikbill\vendor\laravel\framework\src\Illuminate\Database\Migrations\Migrator.php:253
C:\xampp\htdocs\mikbill\vendor\laravel\framework\src\Illuminate\Database\Migrations\Migrator.php:211
C:\xampp\htdocs\mikbill\vendor\laravel\framework\src\Illuminate\Database\Migrations\Migrator.php:138
C:\xampp\htdocs\mikbill\vendor\laravel\framework\src\Illuminate\Database\Console\Migrations\MigrateCommand.php:116
C:\xampp\htdocs\mikbill\vendor\laravel\framework\src\Illuminate\Database\Migrations\Migrator.php:669
C:\xampp\htdocs\mikbill\vendor\laravel\framework\src\Illuminate\Database\Console\Migrations\MigrateCommand.php:109
C:\xampp\htdocs\mikbill\vendor\laravel\framework\src\Illuminate\Database\Console\Migrations\MigrateCommand.php:88
C:\xampp\htdocs\mikbill\vendor\laravel\framework\src\Illuminate\Container\BoundMethod.php:36
C:\xampp\htdocs\mikbill\vendor\laravel\framework\src\Illuminate\Container\Util.php:43
C:\xampp\htdocs\mikbill\vendor\laravel\framework\src\Illuminate\Container\BoundMethod.php:96
C:\xampp\htdocs\mikbill\vendor\laravel\framework\src\Illuminate\Container\BoundMethod.php:35
C:\xampp\htdocs\mikbill\vendor\laravel\framework\src\Illuminate\Container\Container.php:799
C:\xampp\htdocs\mikbill\vendor\laravel\framework\src\Illuminate\Console\Command.php:211
C:\xampp\htdocs\mikbill\vendor\symfony\console\Command\Command.php:341
C:\xampp\htdocs\mikbill\vendor\laravel\framework\src\Illuminate\Console\Command.php:180
C:\xampp\htdocs\mikbill\vendor\laravel\framework\src\Illuminate\Console\Concerns\CallsCommands.php:68
C:\xampp\htdocs\mikbill\vendor\laravel\framework\src\Illuminate\Console\Concerns\CallsCommands.php:29
C:\xampp\htdocs\mikbill\vendor\laravel\framework\src\Illuminate\Database\Console\Migrations\FreshCommand.php:81
C:\xampp\htdocs\mikbill\vendor\laravel\framework\src\Illuminate\Container\BoundMethod.php:36
C:\xampp\htdocs\mikbill\vendor\laravel\framework\src\Illuminate\Container\Util.php:43
C:\xampp\htdocs\mikbill\vendor\laravel\framework\src\Illuminate\Container\BoundMethod.php:96
C:\xampp\htdocs\mikbill\vendor\laravel\framework\src\Illuminate\Container\BoundMethod.php:35
C:\xampp\htdocs\mikbill\vendor\laravel\framework\src\Illuminate\Container\Container.php:799
C:\xampp\htdocs\mikbill\vendor\laravel\framework\src\Illuminate\Console\Command.php:211
C:\xampp\htdocs\mikbill\vendor\symfony\console\Command\Command.php:341
C:\xampp\htdocs\mikbill\vendor\laravel\framework\src\Illuminate\Console\Command.php:180
C:\xampp\htdocs\mikbill\vendor\symfony\console\Application.php:1079
C:\xampp\htdocs\mikbill\vendor\symfony\console\Application.php:356
C:\xampp\htdocs\mikbill\vendor\symfony\console\Application.php:195
C:\xampp\htdocs\mikbill\vendor\laravel\framework\src\Illuminate\Console\Application.php:165
C:\xampp\htdocs\mikbill\vendor\laravel\framework\src\Illuminate\Foundation\Console\Kernel.php:447
C:\xampp\htdocs\mikbill\vendor\laravel\framework\src\Illuminate\Testing\PendingCommand.php:451
C:\xampp\htdocs\mikbill\vendor\laravel\framework\src\Illuminate\Testing\PendingCommand.php:675
C:\xampp\htdocs\mikbill\vendor\laravel\framework\src\Illuminate\Foundation\Testing\Concerns\InteractsWithConsole.php:87
C:\xampp\htdocs\mikbill\vendor\laravel\framework\src\Illuminate\Foundation\Testing\RefreshDatabase.php:119
C:\xampp\htdocs\mikbill\vendor\laravel\framework\src\Illuminate\Foundation\Testing\RefreshDatabase.php:84
C:\xampp\htdocs\mikbill\vendor\laravel\framework\src\Illuminate\Foundation\Testing\RefreshDatabase.php:25
C:\xampp\htdocs\mikbill\vendor\laravel\framework\src\Illuminate\Foundation\Testing\Concerns\InteractsWithTestCaseLifecycle.php:217
C:\xampp\htdocs\mikbill\vendor\laravel\framework\src\Illuminate\Foundation\Testing\Concerns\InteractsWithTestCaseLifecycle.php:101
C:\xampp\htdocs\mikbill\vendor\laravel\framework\src\Illuminate\Foundation\Testing\TestCase.php:63

Caused by
PDOException: SQLSTATE[HY000]: General error: 1 near "MODIFY": syntax error

C:\xampp\htdocs\mikbill\vendor\laravel\framework\src\Illuminate\Database\Connection.php:578
C:\xampp\htdocs\mikbill\vendor\laravel\framework\src\Illuminate\Database\Connection.php:827
C:\xampp\htdocs\mikbill\vendor\laravel\framework\src\Illuminate\Database\Connection.php:794
C:\xampp\htdocs\mikbill\vendor\laravel\framework\src\Illuminate\Database\Connection.php:573
C:\xampp\htdocs\mikbill\vendor\laravel\framework\src\Illuminate\Database\DatabaseManager.php:491
C:\xampp\htdocs\mikbill\vendor\laravel\framework\src\Illuminate\Support\Facades\Facade.php:363
C:\xampp\htdocs\mikbill\database\migrations\2025_12_31_144641_add_multitenancy_columns_to_tables.php:13
C:\xampp\htdocs\mikbill\vendor\laravel\framework\src\Illuminate\Database\Migrations\Migrator.php:517
C:\xampp\htdocs\mikbill\vendor\laravel\framework\src\Illuminate\Database\Migrations\Migrator.php:442
C:\xampp\htdocs\mikbill\vendor\laravel\framework\src\Illuminate\Database\Migrations\Migrator.php:451
C:\xampp\htdocs\mikbill\vendor\laravel\framework\src\Illuminate\Database\Migrations\Migrator.php:253
C:\xampp\htdocs\mikbill\vendor\laravel\framework\src\Illuminate\Console\View\Components\Task.php:41
C:\xampp\htdocs\mikbill\vendor\laravel\framework\src\Illuminate\Database\Migrations\Migrator.php:812
C:\xampp\htdocs\mikbill\vendor\laravel\framework\src\Illuminate\Database\Migrations\Migrator.php:253
C:\xampp\htdocs\mikbill\vendor\laravel\framework\src\Illuminate\Database\Migrations\Migrator.php:211
C:\xampp\htdocs\mikbill\vendor\laravel\framework\src\Illuminate\Database\Migrations\Migrator.php:138
C:\xampp\htdocs\mikbill\vendor\laravel\framework\src\Illuminate\Database\Console\Migrations\MigrateCommand.php:116
C:\xampp\htdocs\mikbill\vendor\laravel\framework\src\Illuminate\Database\Migrations\Migrator.php:669
C:\xampp\htdocs\mikbill\vendor\laravel\framework\src\Illuminate\Database\Console\Migrations\MigrateCommand.php:109
C:\xampp\htdocs\mikbill\vendor\laravel\framework\src\Illuminate\Database\Console\Migrations\MigrateCommand.php:88
C:\xampp\htdocs\mikbill\vendor\laravel\framework\src\Illuminate\Container\BoundMethod.php:36
C:\xampp\htdocs\mikbill\vendor\laravel\framework\src\Illuminate\Container\Util.php:43
C:\xampp\htdocs\mikbill\vendor\laravel\framework\src\Illuminate\Container\BoundMethod.php:96
C:\xampp\htdocs\mikbill\vendor\laravel\framework\src\Illuminate\Container\BoundMethod.php:35
C:\xampp\htdocs\mikbill\vendor\laravel\framework\src\Illuminate\Container\Container.php:799
C:\xampp\htdocs\mikbill\vendor\laravel\framework\src\Illuminate\Console\Command.php:211
C:\xampp\htdocs\mikbill\vendor\symfony\console\Command\Command.php:341
C:\xampp\htdocs\mikbill\vendor\laravel\framework\src\Illuminate\Console\Command.php:180
C:\xampp\htdocs\mikbill\vendor\laravel\framework\src\Illuminate\Console\Concerns\CallsCommands.php:68
C:\xampp\htdocs\mikbill\vendor\laravel\framework\src\Illuminate\Console\Concerns\CallsCommands.php:29
C:\xampp\htdocs\mikbill\vendor\laravel\framework\src\Illuminate\Database\Console\Migrations\FreshCommand.php:81
C:\xampp\htdocs\mikbill\vendor\laravel\framework\src\Illuminate\Container\BoundMethod.php:36
C:\xampp\htdocs\mikbill\vendor\laravel\framework\src\Illuminate\Container\Util.php:43
C:\xampp\htdocs\mikbill\vendor\laravel\framework\src\Illuminate\Container\BoundMethod.php:96
C:\xampp\htdocs\mikbill\vendor\laravel\framework\src\Illuminate\Container\BoundMethod.php:35
C:\xampp\htdocs\mikbill\vendor\laravel\framework\src\Illuminate\Container\Container.php:799
C:\xampp\htdocs\mikbill\vendor\laravel\framework\src\Illuminate\Console\Command.php:211
C:\xampp\htdocs\mikbill\vendor\symfony\console\Command\Command.php:341
C:\xampp\htdocs\mikbill\vendor\laravel\framework\src\Illuminate\Console\Command.php:180
C:\xampp\htdocs\mikbill\vendor\symfony\console\Application.php:1079
C:\xampp\htdocs\mikbill\vendor\symfony\console\Application.php:356
C:\xampp\htdocs\mikbill\vendor\symfony\console\Application.php:195
C:\xampp\htdocs\mikbill\vendor\laravel\framework\src\Illuminate\Console\Application.php:165
C:\xampp\htdocs\mikbill\vendor\laravel\framework\src\Illuminate\Foundation\Console\Kernel.php:447
C:\xampp\htdocs\mikbill\vendor\laravel\framework\src\Illuminate\Testing\PendingCommand.php:451
C:\xampp\htdocs\mikbill\vendor\laravel\framework\src\Illuminate\Testing\PendingCommand.php:675
C:\xampp\htdocs\mikbill\vendor\laravel\framework\src\Illuminate\Foundation\Testing\Concerns\InteractsWithConsole.php:87
C:\xampp\htdocs\mikbill\vendor\laravel\framework\src\Illuminate\Foundation\Testing\RefreshDatabase.php:119
C:\xampp\htdocs\mikbill\vendor\laravel\framework\src\Illuminate\Foundation\Testing\RefreshDatabase.php:84
C:\xampp\htdocs\mikbill\vendor\laravel\framework\src\Illuminate\Foundation\Testing\RefreshDatabase.php:25
C:\xampp\htdocs\mikbill\vendor\laravel\framework\src\Illuminate\Foundation\Testing\Concerns\InteractsWithTestCaseLifecycle.php:217
C:\xampp\htdocs\mikbill\vendor\laravel\framework\src\Illuminate\Foundation\Testing\Concerns\InteractsWithTestCaseLifecycle.php:101
C:\xampp\htdocs\mikbill\vendor\laravel\framework\src\Illuminate\Foundation\Testing\TestCase.php:63

ERRORS!
Tests: 4, Assertions: 0, Errors: 4.
